*** Using Compiler 'V5.06 update 7 (build 960)', folder: 'D:\MDK5\MDK5\ARM\ARMCC\Bin'
Build target 'BootLoader'
assembling startup_stm32h743xx.s...
compiling stm32h7xx_hal_msp.c...
compiling main.c...
compiling stm32h7xx_hal_hsem.c...
compiling stm32h7xx_it.c...
compiling stm32h7xx_hal_cortex.c...
compiling stm32h7xx_hal_gpio.c...
compiling gpio.c...
compiling stm32h7xx_hal_mdma.c...
compiling stm32h7xx_hal_flash.c...
compiling stm32h7xx_hal_flash_ex.c...
compiling stm32h7xx_hal_pwr.c...
compiling stm32h7xx_hal_pwr_ex.c...
compiling stm32h7xx_hal_rcc.c...
compiling stm32h7xx_hal_dma_ex.c...
compiling stm32h7xx_hal_rcc_ex.c...
compiling stm32h7xx_hal_dma.c...
compiling stm32h7xx_hal.c...
compiling stm32h7xx_hal_i2c_ex.c...
compiling stm32h7xx_hal_exti.c...
compiling stm32h7xx_hal_tim.c...
compiling stm32h7xx_hal_tim_ex.c...
compiling system_stm32h7xx.c...
compiling stm32h7xx_hal_i2c.c...
linking...
Program Size: Code=4644 RO-data=712 RW-data=20 ZI-data=1636  
FromELF: creating hex file...
"BootLoader\BootLoader.axf" - 0 Error(s), 0 Warning(s).
Build Time Elapsed:  00:00:17
